Modules list:
-------------
main.o:
    CODE              Offs=000000  Size=00008F  Align=00001  Fill=0000
    RODATA            Offs=000000  Size=000007  Align=00001  Fill=0000
    BSS               Offs=000000  Size=000003  Align=00001  Fill=0000
lcd.o:
    CODE              Offs=00008F  Size=00008B  Align=00001  Fill=0000
    ZEROPAGE          Offs=000000  Size=000001  Align=00001  Fill=0000
acia.o:
    CODE              Offs=00011A  Size=000048  Align=00001  Fill=0000
    ZEROPAGE          Offs=000001  Size=000001  Align=00001  Fill=0000
interrupts.o:
    CODE              Offs=000162  Size=00000C  Align=00001  Fill=0000
vectors.o:
    VECTORS           Offs=000000  Size=000006  Align=00001  Fill=0000
..\library\p65.lib(addysp.o):
    CODE              Offs=00016E  Size=00000E  Align=00001  Fill=0000
..\library\p65.lib(condes.o):
    CODE              Offs=00017C  Size=00000C  Align=00001  Fill=0000
    DATA              Offs=000000  Size=000025  Align=00001  Fill=0000
    ONCE              Offs=000000  Size=00000C  Align=00001  Fill=0000
..\library\p65.lib(copydata.o):
    CODE              Offs=000188  Size=00002D  Align=00001  Fill=0000
..\library\p65.lib(crt0.o):
    STARTUP           Offs=000000  Size=00001C  Align=00001  Fill=0000
..\library\p65.lib(incsp2.o):
    CODE              Offs=0001B5  Size=000015  Align=00001  Fill=0000
..\library\p65.lib(incsp3.o):
    CODE              Offs=0001CA  Size=000005  Align=00001  Fill=0000
..\library\p65.lib(ldaxsp.o):
    CODE              Offs=0001CF  Size=000009  Align=00001  Fill=0000
..\library\p65.lib(pusha.o):
    CODE              Offs=0001D8  Size=000016  Align=00001  Fill=0000
..\library\p65.lib(pushax.o):
    CODE              Offs=0001EE  Size=00001A  Align=00001  Fill=0000
..\library\p65.lib(zerobss.o):
    CODE              Offs=000208  Size=000023  Align=00001  Fill=0000
..\library\p65.lib(zeropage.o):
    ZEROPAGE          Offs=000002  Size=00001A  Align=00001  Fill=0000


Segment list:
-------------
Name                   Start     End    Size  Align
----------------------------------------------------
ZEROPAGE              000000  00001B  00001C  00001
DATA                  000200  000224  000025  00001
BSS                   000225  000227  000003  00001
STARTUP               006025  006040  00001C  00001
ONCE                  006041  00604C  00000C  00001
CODE                  00604D  006277  00022B  00001
RODATA                006278  00627E  000007  00001
VECTORS               007FFA  007FFF  000006  00001


Exports list by name:
---------------------
__BSS_RUN__               000225 RLA    __BSS_SIZE__              000003 REA    
__CONSTRUCTOR_COUNT__     000000 REA    __CONSTRUCTOR_TABLE__     006041 RLA    
__DATA_LOAD__             006000 RLA    __DATA_RUN__              000200 RLA    
__DATA_SIZE__             000025 REA    __DESTRUCTOR_COUNT__      000000 REA    
__DESTRUCTOR_TABLE__      006041 RLA    __RAM_SIZE__              005DFF REA    
__RAM_START__             000200 RLA    __STARTUP__               000001 REA    
_acia_getc                0061A4 RLA    _acia_put_newline         00619C RLA    
_acia_putc                006174 RLA    _acia_puts                006181 RLA    
_init                     006025 RLA    _irq_int                  0061B0 RLA    
_lcd_init                 0060DC RLA    _lcd_puts                 006146 RLA    
_lcd_w_reg                006116 RLA    _main                     0060C4 RLA    
_nmi_int                  0061AF RLA    addysp                    0061BC RLA    
copydata                  0061D5 RLA    donelib                   0061C9 RLA    
incsp2                    006209 RLA    incsp3                    006217 RLA    
initlib                   006041 RLA    ldax0sp                   00621C RLA    
ldaxysp                   00621E RLA    ptr1                      00000A RLZ    
ptr2                      00000C RLZ    pusha                     006229 RLA    
pushax                    00623F RLA    sp                        000002 RLZ    
tmp1                      000012 RLZ    tmpstack                  000001 RLZ    
zerobss                   006255 RLA    


Exports list by value:
----------------------
__DESTRUCTOR_COUNT__      000000 REA    __CONSTRUCTOR_COUNT__     000000 REA    
tmpstack                  000001 RLZ    __STARTUP__               000001 REA    
sp                        000002 RLZ    __BSS_SIZE__              000003 REA    
ptr1                      00000A RLZ    ptr2                      00000C RLZ    
tmp1                      000012 RLZ    __DATA_SIZE__             000025 REA    
__RAM_START__             000200 RLA    __DATA_RUN__              000200 RLA    
__BSS_RUN__               000225 RLA    __RAM_SIZE__              005DFF REA    
__DATA_LOAD__             006000 RLA    _init                     006025 RLA    
__CONSTRUCTOR_TABLE__     006041 RLA    initlib                   006041 RLA    
__DESTRUCTOR_TABLE__      006041 RLA    _main                     0060C4 RLA    
_lcd_init                 0060DC RLA    _lcd_w_reg                006116 RLA    
_lcd_puts                 006146 RLA    _acia_putc                006174 RLA    
_acia_puts                006181 RLA    _acia_put_newline         00619C RLA    
_acia_getc                0061A4 RLA    _nmi_int                  0061AF RLA    
_irq_int                  0061B0 RLA    addysp                    0061BC RLA    
donelib                   0061C9 RLA    copydata                  0061D5 RLA    
incsp2                    006209 RLA    incsp3                    006217 RLA    
ldax0sp                   00621C RLA    ldaxysp                   00621E RLA    
pusha                     006229 RLA    pushax                    00623F RLA    
zerobss                   006255 RLA    


Imports list:
-------------
__BSS_RUN__ ([linker generated]):
    zerobss.o                 common/zerobss.s(8)
__BSS_SIZE__ ([linker generated]):
    zerobss.o                 common/zerobss.s(8)
__CONSTRUCTOR_COUNT__ ([linker generated]):
    condes.o                  runtime/condes.s(18)
__CONSTRUCTOR_TABLE__ ([linker generated]):
    condes.o                  runtime/condes.s(18)
__DATA_LOAD__ ([linker generated]):
    copydata.o                common/copydata.s(8)
__DATA_RUN__ ([linker generated]):
    copydata.o                common/copydata.s(8)
__DATA_SIZE__ ([linker generated]):
    copydata.o                common/copydata.s(8)
__DESTRUCTOR_COUNT__ ([linker generated]):
    condes.o                  runtime/condes.s(19)
__DESTRUCTOR_TABLE__ ([linker generated]):
    condes.o                  runtime/condes.s(19)
__RAM_SIZE__ ([linker generated]):
    crt0.o                    .\src\crt0.s(11)
__RAM_START__ ([linker generated]):
    crt0.o                    .\src\crt0.s(11)
__STARTUP__ (crt0.o):
    main.o                    main.s(13)
_acia_getc (acia.o):
    main.o                    main.s(16)
_acia_put_newline (acia.o):
    main.o                    main.s(15)
_acia_putc (acia.o):
    interrupts.o              interrupts.asm(11)
_acia_puts (acia.o):
    main.o                    main.s(14)
_init (crt0.o):
    vectors.o                 vectors.asm(7)
_irq_int (interrupts.o):
    vectors.o                 vectors.asm(9)
_lcd_init (lcd.o):
    main.o                    main.s(17)
_lcd_puts (lcd.o):
    main.o                    main.s(18)
_lcd_w_reg (lcd.o):
    main.o                    main.s(19)
_main (main.o):
    crt0.o                    .\src\crt0.s(8)
_nmi_int (interrupts.o):
    vectors.o                 vectors.asm(8)
addysp (addysp.o):
    incsp3.o                  runtime/incsp3.s(8)
copydata (copydata.o):
    crt0.o                    .\src\crt0.s(13)
donelib (condes.o):
    crt0.o                    .\src\crt0.s(13)
incsp2 (incsp2.o):
    main.o                    main.s(134)
incsp3 (incsp3.o):
    main.o                    main.s(134)
initlib (condes.o):
    crt0.o                    .\src\crt0.s(13)
ldax0sp (ldaxsp.o):
    main.o                    main.s(134)
ldaxysp (ldaxsp.o):
    main.o                    main.s(134)
ptr1 (zeropage.o):
    copydata.o                common/copydata.s(9)
    zerobss.o                 common/zerobss.s(9)
    acia.o                    acia.asm(9)
    lcd.o                     lcd.asm(16)
ptr2 (zeropage.o):
    copydata.o                common/copydata.s(9)
pusha (pusha.o):
    main.o                    main.s(134)
pushax (pushax.o):
    main.o                    main.s(134)
    main.o                    main.s(134)
sp (zeropage.o):
    addysp.o                  runtime/addysp.s(8)
    pushax.o                  runtime/pushax.s(8)
    pusha.o                   runtime/pusha.s(8)
    ldaxsp.o                  runtime/ldaxsp.s(8)
    incsp2.o                  runtime/incsp2.s(8)
    crt0.o                    C:\cc65\asminc/zeropage.inc(11)
    main.o                    main.s(10)
tmp1 (zeropage.o):
    copydata.o                common/copydata.s(9)
tmpstack (acia.o):
    lcd.o                     lcd.asm(17)
zerobss (zerobss.o):
    crt0.o                    .\src\crt0.s(13)

