Modules list:
-------------
main.o:
    CODE              Offs=000000  Size=000019  Align=00001  Fill=0000
    RODATA            Offs=000000  Size=00003D  Align=00001  Fill=0000
utils.o:
    CODE              Offs=000019  Size=000046  Align=00001  Fill=0000
kernel_c_lib.o:
    CODE              Offs=00005F  Size=000030  Align=00001  Fill=0000
interrupts.o:
    CODE              Offs=00008F  Size=00000E  Align=00001  Fill=0000
vectors.o:
    VECTORS           Offs=000000  Size=000006  Align=00001  Fill=0000
..\library\p65.lib(condes.o):
    CODE              Offs=00009D  Size=00000C  Align=00001  Fill=0000
    DATA              Offs=000000  Size=000025  Align=00001  Fill=0000
    ONCE              Offs=000000  Size=00000C  Align=00001  Fill=0000
..\library\p65.lib(copydata.o):
    CODE              Offs=0000A9  Size=00002D  Align=00001  Fill=0000
..\library\p65.lib(crt0.o):
    STARTUP           Offs=000000  Size=00001C  Align=00001  Fill=0000
..\library\p65.lib(zerobss.o):
    CODE              Offs=0000D6  Size=000023  Align=00001  Fill=0000
..\library\p65.lib(zeropage.o):
    ZEROPAGE          Offs=000000  Size=00001A  Align=00001  Fill=0000


Segment list:
-------------
Name                   Start     End    Size  Align
----------------------------------------------------
ZEROPAGE              000000  000019  00001A  00001
DATA                  000200  000224  000025  00001
STARTUP               006025  006040  00001C  00001
ONCE                  006041  00604C  00000C  00001
CODE                  00604D  006145  0000F9  00001
RODATA                006146  006182  00003D  00001
VECTORS               007FFA  007FFF  000006  00001


Exports list by name:
---------------------
_CHRIN                    0060AF RLA    _CHROUT                   0060AC RLA    
_KBINPUT                  0060CD RLA    _PRNL                     0060B8 RLA    
_PRNTLN                   0060B2 RLA    __BSS_RUN__               000225 RLA    
__BSS_SIZE__              000000 REA    __CONSTRUCTOR_COUNT__     000000 REA    
__CONSTRUCTOR_TABLE__     006041 RLA    __DATA_LOAD__             006000 RLA    
__DATA_RUN__              000200 RLA    __DATA_SIZE__             000025 REA    
__DESTRUCTOR_COUNT__      000000 REA    __DESTRUCTOR_TABLE__      006041 RLA    
__RAM_SIZE__              005DFF REA    __RAM_START__             000200 RLA    
__STARTUP__               000001 REA    _init                     006025 RLA    
_irq_int                  0060DE RLA    _main                     00604D RLA    
_nmi_int                  0060DC RLA    copydata                  0060F6 RLA    
donelib                   0060EA RLA    initlib                   006041 RLA    
ptr1                      000008 RLZ    ptr2                      00000A RLZ    
sp                        000000 RLZ    tmp1                      000010 RLZ    
zerobss                   006123 RLA    


Exports list by value:
----------------------
__CONSTRUCTOR_COUNT__     000000 REA    __BSS_SIZE__              000000 REA    
sp                        000000 RLZ    __DESTRUCTOR_COUNT__      000000 REA    
__STARTUP__               000001 REA    ptr1                      000008 RLZ    
ptr2                      00000A RLZ    tmp1                      000010 RLZ    
__DATA_SIZE__             000025 REA    __DATA_RUN__              000200 RLA    
__RAM_START__             000200 RLA    __BSS_RUN__               000225 RLA    
__RAM_SIZE__              005DFF REA    __DATA_LOAD__             006000 RLA    
_init                     006025 RLA    initlib                   006041 RLA    
__DESTRUCTOR_TABLE__      006041 RLA    __CONSTRUCTOR_TABLE__     006041 RLA    
_main                     00604D RLA    _CHROUT                   0060AC RLA    
_CHRIN                    0060AF RLA    _PRNTLN                   0060B2 RLA    
_PRNL                     0060B8 RLA    _KBINPUT                  0060CD RLA    
_nmi_int                  0060DC RLA    _irq_int                  0060DE RLA    
donelib                   0060EA RLA    copydata                  0060F6 RLA    
zerobss                   006123 RLA    


Imports list:
-------------
_CHRIN (kernel_c_lib.o):
    utils.o                   utils.asm(63)
_CHROUT (kernel_c_lib.o):
    interrupts.o              interrupts.asm(53)
    main.o                    main.s(14)
_KBINPUT (kernel_c_lib.o):
    main.o                    main.s(17)
_PRNL (kernel_c_lib.o):
    main.o                    main.s(16)
_PRNTLN (kernel_c_lib.o):
    main.o                    main.s(15)
__BSS_RUN__ ([linker generated]):
    zerobss.o                 common/zerobss.s(8)
__BSS_SIZE__ ([linker generated]):
    zerobss.o                 common/zerobss.s(8)
__CONSTRUCTOR_COUNT__ ([linker generated]):
    condes.o                  runtime/condes.s(18)
__CONSTRUCTOR_TABLE__ ([linker generated]):
    condes.o                  runtime/condes.s(18)
__DATA_LOAD__ ([linker generated]):
    copydata.o                common/copydata.s(8)
__DATA_RUN__ ([linker generated]):
    copydata.o                common/copydata.s(8)
__DATA_SIZE__ ([linker generated]):
    copydata.o                common/copydata.s(8)
__DESTRUCTOR_COUNT__ ([linker generated]):
    condes.o                  runtime/condes.s(19)
__DESTRUCTOR_TABLE__ ([linker generated]):
    condes.o                  runtime/condes.s(19)
__RAM_SIZE__ ([linker generated]):
    crt0.o                    .\src\crt0.s(11)
__RAM_START__ ([linker generated]):
    crt0.o                    .\src\crt0.s(11)
__STARTUP__ (crt0.o):
    main.o                    main.s(13)
_init (crt0.o):
    vectors.o                 vectors.asm(7)
_irq_int (interrupts.o):
    vectors.o                 vectors.asm(9)
_main (main.o):
    crt0.o                    .\src\crt0.s(8)
_nmi_int (interrupts.o):
    vectors.o                 vectors.asm(8)
copydata (copydata.o):
    crt0.o                    .\src\crt0.s(13)
donelib (condes.o):
    crt0.o                    .\src\crt0.s(13)
initlib (condes.o):
    crt0.o                    .\src\crt0.s(13)
ptr1 (zeropage.o):
    copydata.o                common/copydata.s(9)
    zerobss.o                 common/zerobss.s(9)
    utils.o                   utils.asm(12)
ptr2 (zeropage.o):
    copydata.o                common/copydata.s(9)
sp (zeropage.o):
    crt0.o                    C:\cc65\asminc/zeropage.inc(11)
tmp1 (zeropage.o):
    copydata.o                common/copydata.s(9)
zerobss (zerobss.o):
    crt0.o                    .\src\crt0.s(13)

