Modules list:
-------------
main.o:
    CODE              Offs=000000  Size=00029D  Align=00001  Fill=0000
    BSS               Offs=000000  Size=00000E  Align=00001  Fill=0000
    DATA              Offs=000000  Size=00023C  Align=00001  Fill=0000
test.o:
    CODE              Offs=00029D  Size=000028  Align=00001  Fill=0000
lcd.o:
    CODE              Offs=0002C5  Size=00008B  Align=00001  Fill=0000
    ZEROPAGE          Offs=000000  Size=000001  Align=00001  Fill=0000
acia.o:
    CODE              Offs=000350  Size=000048  Align=00001  Fill=0000
    ZEROPAGE          Offs=000001  Size=000001  Align=00001  Fill=0000
ym2612.o:
    CODE              Offs=000398  Size=0000D9  Align=00001  Fill=0000
    DATA              Offs=00023C  Size=000002  Align=00001  Fill=0000
interrupts.o:
    CODE              Offs=000471  Size=00000E  Align=00001  Fill=0000
vectors.o:
    VECTORS           Offs=000000  Size=000006  Align=00001  Fill=0000
..\library\p65.lib(addysp.o):
    CODE              Offs=00047F  Size=00000E  Align=00001  Fill=0000
..\library\p65.lib(condes.o):
    CODE              Offs=00048D  Size=00000C  Align=00001  Fill=0000
    DATA              Offs=00023E  Size=000025  Align=00001  Fill=0000
    ONCE              Offs=000000  Size=00000C  Align=00001  Fill=0000
..\library\p65.lib(copydata.o):
    CODE              Offs=000499  Size=00002D  Align=00001  Fill=0000
..\library\p65.lib(crt0.o):
    STARTUP           Offs=000000  Size=00001C  Align=00001  Fill=0000
..\library\p65.lib(icmp.o):
    CODE              Offs=0004C6  Size=00002E  Align=00001  Fill=0000
..\library\p65.lib(incsp2.o):
    CODE              Offs=0004F4  Size=000015  Align=00001  Fill=0000
..\library\p65.lib(incsp3.o):
    CODE              Offs=000509  Size=000005  Align=00001  Fill=0000
..\library\p65.lib(ldaxsp.o):
    CODE              Offs=00050E  Size=000009  Align=00001  Fill=0000
..\library\p65.lib(pusha.o):
    CODE              Offs=000517  Size=000016  Align=00001  Fill=0000
..\library\p65.lib(pushax.o):
    CODE              Offs=00052D  Size=00001A  Align=00001  Fill=0000
..\library\p65.lib(zerobss.o):
    CODE              Offs=000547  Size=000023  Align=00001  Fill=0000
..\library\p65.lib(zeropage.o):
    ZEROPAGE          Offs=000002  Size=00001A  Align=00001  Fill=0000


Segment list:
-------------
Name                   Start     End    Size  Align
----------------------------------------------------
ZEROPAGE              000000  00001B  00001C  00001
DATA                  000200  000462  000263  00001
BSS                   000463  000470  00000E  00001
STARTUP               006263  00627E  00001C  00001
ONCE                  00627F  00628A  00000C  00001
CODE                  00628B  0067F4  00056A  00001
VECTORS               007FFA  007FFF  000006  00001


Exports list by name:
---------------------
__BSS_RUN__               000463 RLA    __BSS_SIZE__              00000E REA    
__CONSTRUCTOR_COUNT__     000000 REA    __CONSTRUCTOR_TABLE__     00627F RLA    
__DATA_LOAD__             006000 RLA    __DATA_RUN__              000200 RLA    
__DATA_SIZE__             000263 REA    __DESTRUCTOR_COUNT__      000000 REA    
__DESTRUCTOR_TABLE__      00627F RLA    __RAM_SIZE__              005DFF REA    
__RAM_START__             000200 RLA    __STARTUP__               000001 REA    
_acia_put_newline         006610 RLA    _acia_putc                0065E8 RLA    
_acia_puts                0065F5 RLA    _delay                    0066F0 RLA    
_getByte                  0066D4 RLA    _init                     006263 RLA    
_irq_int                  0066FE RLA    _lcd_init                 006550 RLA    
_lcd_putc                 0065A2 RLA    _lcd_puts                 0065BA RLA    
_lcd_w_reg                00658A RLA    _main                     006302 RLA    
_nmi_int                  0066FC RLA    _ym_init                  00664B RLA    
_ym_setreg                006623 RLA    _ym_setreg_A1             006637 RLA    
addysp                    00670B RLA    copydata                  006724 RLA    
donelib                   006718 RLA    incsp2                    006786 RLA    
incsp3                    006794 RLA    initlib                   00627F RLA    
ldax0sp                   006799 RLA    ldaxysp                   00679B RLA    
ptr1                      00000A RLZ    ptr2                      00000C RLZ    
pusha                     0067A6 RLA    pushax                    0067BC RLA    
sp                        000002 RLZ    sreg                      000004 RLZ    
tmp1                      000012 RLZ    tmpstack                  000001 RLZ    
tosicmp                   006753 RLA    zerobss                   0067D2 RLA    



Exports list by value:
----------------------
__DESTRUCTOR_COUNT__      000000 REA    __CONSTRUCTOR_COUNT__     000000 REA    
tmpstack                  000001 RLZ    __STARTUP__               000001 REA    
sp                        000002 RLZ    sreg                      000004 RLZ    
ptr1                      00000A RLZ    ptr2                      00000C RLZ    
__BSS_SIZE__              00000E REA    tmp1                      000012 RLZ    
__RAM_START__             000200 RLA    __DATA_RUN__              000200 RLA    
__DATA_SIZE__             000263 REA    __BSS_RUN__               000463 RLA    
__RAM_SIZE__              005DFF REA    __DATA_LOAD__             006000 RLA    
_init                     006263 RLA    initlib                   00627F RLA    
__DESTRUCTOR_TABLE__      00627F RLA    __CONSTRUCTOR_TABLE__     00627F RLA    
_main                     006302 RLA    _lcd_init                 006550 RLA    
_lcd_w_reg                00658A RLA    _lcd_putc                 0065A2 RLA    
_lcd_puts                 0065BA RLA    _acia_putc                0065E8 RLA    
_acia_puts                0065F5 RLA    _acia_put_newline         006610 RLA    
_ym_setreg                006623 RLA    _ym_setreg_A1             006637 RLA    
_ym_init                  00664B RLA    _getByte                  0066D4 RLA    
_delay                    0066F0 RLA    _nmi_int                  0066FC RLA    
_irq_int                  0066FE RLA    addysp                    00670B RLA    
donelib                   006718 RLA    copydata                  006724 RLA    
tosicmp                   006753 RLA    incsp2                    006786 RLA    
incsp3                    006794 RLA    ldax0sp                   006799 RLA    
ldaxysp                   00679B RLA    pusha                     0067A6 RLA    
pushax                    0067BC RLA    zerobss                   0067D2 RLA    



Imports list:
-------------
__BSS_RUN__ ([linker generated]):
    zerobss.o                 common/zerobss.s(8)
__BSS_SIZE__ ([linker generated]):
    zerobss.o                 common/zerobss.s(8)
__CONSTRUCTOR_COUNT__ ([linker generated]):
    condes.o                  runtime/condes.s(18)
__CONSTRUCTOR_TABLE__ ([linker generated]):
    condes.o                  runtime/condes.s(18)
__DATA_LOAD__ ([linker generated]):
    copydata.o                common/copydata.s(8)
__DATA_RUN__ ([linker generated]):
    copydata.o                common/copydata.s(8)
__DATA_SIZE__ ([linker generated]):
    copydata.o                common/copydata.s(8)
__DESTRUCTOR_COUNT__ ([linker generated]):
    condes.o                  runtime/condes.s(19)
__DESTRUCTOR_TABLE__ ([linker generated]):
    condes.o                  runtime/condes.s(19)
__RAM_SIZE__ ([linker generated]):
    crt0.o                    .\src\crt0.s(11)
__RAM_START__ ([linker generated]):
    crt0.o                    .\src\crt0.s(11)
__STARTUP__ (crt0.o):
    main.o                    main.s(13)
_acia_put_newline (acia.o):
    main.o                    main.s(15)
_acia_putc (acia.o):
    interrupts.o              interrupts.asm(11)
    test.o                    test.s(13)
_acia_puts (acia.o):
    main.o                    main.s(14)
_delay (ym2612.o):
    main.o                    main.s(20)
_getByte (ym2612.o):
    main.o                    main.s(21)
_init (crt0.o):
    vectors.o                 vectors.asm(7)
_irq_int (interrupts.o):
    vectors.o                 vectors.asm(9)
_lcd_init (lcd.o):
    main.o                    main.s(16)
_lcd_putc (lcd.o):
    test.o                    test.s(14)
_lcd_puts (lcd.o):
    main.o                    main.s(17)
_lcd_w_reg (lcd.o):
    main.o                    main.s(18)
_main (main.o):
    crt0.o                    .\src\crt0.s(8)
_nmi_int (interrupts.o):
    vectors.o                 vectors.asm(8)
_ym_init (ym2612.o):
    main.o                    main.s(19)
_ym_setreg (ym2612.o):
    main.o                    main.s(22)
_ym_setreg_A1 (ym2612.o):
    main.o                    main.s(23)
addysp (addysp.o):
    incsp3.o                  runtime/incsp3.s(8)
copydata (copydata.o):
    crt0.o                    .\src\crt0.s(13)
donelib (condes.o):
    crt0.o                    .\src\crt0.s(13)
incsp2 (incsp2.o):
    ym2612.o                  ym2612.asm(171)
    test.o                    test.s(59)
    test.o                    test.s(59)
    main.o                    main.s(920)
incsp3 (incsp3.o):
    main.o                    main.s(920)
initlib (condes.o):
    crt0.o                    .\src\crt0.s(13)
ldax0sp (ldaxsp.o):
    main.o                    main.s(920)
ldaxysp (ldaxsp.o):
    main.o                    main.s(920)
ptr1 (zeropage.o):
    copydata.o                common/copydata.s(9)
    zerobss.o                 common/zerobss.s(9)
    ym2612.o                  ym2612.asm(11)
    acia.o                    acia.asm(9)
    lcd.o                     lcd.asm(16)
ptr2 (zeropage.o):
    copydata.o                common/copydata.s(9)
pusha (pusha.o):
    ym2612.o                  ym2612.asm(171)
    test.o                    test.s(59)
    test.o                    test.s(59)
    main.o                    main.s(920)
    main.o                    main.s(920)
pushax (pushax.o):
    main.o                    main.s(920)
    main.o                    main.s(920)
    main.o                    main.s(920)
sp (zeropage.o):
    addysp.o                  runtime/addysp.s(8)
    pushax.o                  runtime/pushax.s(8)
    pusha.o                   runtime/pusha.s(8)
    ldaxsp.o                  runtime/ldaxsp.s(8)
    incsp2.o                  runtime/incsp2.s(8)
    icmp.o                    runtime/icmp.s(9)
    crt0.o                    C:\cc65\asminc/zeropage.inc(11)
    ym2612.o                  ym2612.asm(10)
    test.o                    test.s(10)
    main.o                    main.s(10)
sreg (zeropage.o):
    icmp.o                    runtime/icmp.s(9)
tmp1 (zeropage.o):
    copydata.o                common/copydata.s(9)
tmpstack (acia.o):
    lcd.o                     lcd.asm(17)
tosicmp (icmp.o):
    main.o                    main.s(920)
zerobss (zerobss.o):
    crt0.o                    .\src\crt0.s(13)

