Modules list:
-------------
main.o:
    CODE              Offs=000000  Size=0002F5  Align=00001  Fill=0000
    RODATA            Offs=000000  Size=00004A  Align=00001  Fill=0000
    BSS               Offs=000000  Size=000010  Align=00001  Fill=0000
    DATA              Offs=000000  Size=000002  Align=00001  Fill=0000
utils.o:
    CODE              Offs=0002F5  Size=000046  Align=00001  Fill=0000
test.o:
    CODE              Offs=00033B  Size=000028  Align=00001  Fill=0000
lcd.o:
    CODE              Offs=000363  Size=00008B  Align=00001  Fill=0000
    ZEROPAGE          Offs=000000  Size=000001  Align=00001  Fill=0000
acia.o:
    CODE              Offs=0003EE  Size=000048  Align=00001  Fill=0000
    ZEROPAGE          Offs=000001  Size=000001  Align=00001  Fill=0000
ym2612.o:
    CODE              Offs=000436  Size=0000EE  Align=00001  Fill=0000
    DATA              Offs=000002  Size=000002  Align=00001  Fill=0000
interrupts.o:
    CODE              Offs=000524  Size=00000E  Align=00001  Fill=0000
vectors.o:
    VECTORS           Offs=000000  Size=000006  Align=00001  Fill=0000
..\library\p65.lib(addysp.o):
    CODE              Offs=000532  Size=00000E  Align=00001  Fill=0000
..\library\p65.lib(condes.o):
    CODE              Offs=000540  Size=00000C  Align=00001  Fill=0000
    DATA              Offs=000004  Size=000025  Align=00001  Fill=0000
    ONCE              Offs=000000  Size=00000C  Align=00001  Fill=0000
..\library\p65.lib(copydata.o):
    CODE              Offs=00054C  Size=00002D  Align=00001  Fill=0000
..\library\p65.lib(crt0.o):
    STARTUP           Offs=000000  Size=00001C  Align=00001  Fill=0000
..\library\p65.lib(icmp.o):
    CODE              Offs=000579  Size=00002E  Align=00001  Fill=0000
..\library\p65.lib(incsp2.o):
    CODE              Offs=0005A7  Size=000015  Align=00001  Fill=0000
..\library\p65.lib(incsp3.o):
    CODE              Offs=0005BC  Size=000005  Align=00001  Fill=0000
..\library\p65.lib(ldaxsp.o):
    CODE              Offs=0005C1  Size=000009  Align=00001  Fill=0000
..\library\p65.lib(pusha.o):
    CODE              Offs=0005CA  Size=000016  Align=00001  Fill=0000
..\library\p65.lib(pushax.o):
    CODE              Offs=0005E0  Size=00001A  Align=00001  Fill=0000
..\library\p65.lib(zerobss.o):
    CODE              Offs=0005FA  Size=000023  Align=00001  Fill=0000
..\library\p65.lib(zeropage.o):
    ZEROPAGE          Offs=000002  Size=00001A  Align=00001  Fill=0000


Segment list:
-------------
Name                   Start     End    Size  Align
----------------------------------------------------
ZEROPAGE              000000  00001B  00001C  00001
DATA                  000200  000228  000029  00001
BSS                   000229  000238  000010  00001
STARTUP               006029  006044  00001C  00001
ONCE                  006045  006050  00000C  00001
CODE                  006051  00666D  00061D  00001
RODATA                00666E  0066B7  00004A  00001
VECTORS               007FFA  007FFF  000006  00001


Exports list by name:
---------------------
__BSS_RUN__               000229 RLA    __BSS_SIZE__              000010 REA    
__CONSTRUCTOR_COUNT__     000000 REA    __CONSTRUCTOR_TABLE__     006045 RLA    
__DATA_LOAD__             006000 RLA    __DATA_RUN__              000200 RLA    
__DATA_SIZE__             000029 REA    __DESTRUCTOR_COUNT__      000000 REA    
__DESTRUCTOR_TABLE__      006045 RLA    __RAM_SIZE__              005DFF REA    
__RAM_START__             000200 RLA    __STARTUP__               000001 REA    
_acia_getc                00647C RLA    _acia_put_newline         006474 RLA    
_acia_putc                00644C RLA    _acia_puts                006459 RLA    
_delay                    006569 RLA    _format_bank              006346 RLA    
_getByte                  006538 RLA    _init                     006029 RLA    
_irq_int                  006577 RLA    _lcd_init                 0063B4 RLA    
_lcd_putc                 006406 RLA    _lcd_puts                 00641E RLA    
_lcd_w_reg                0063EE RLA    _main                     0062EF RLA    
_nmi_int                  006575 RLA    _switch_bank              006388 RLA    
_write_to_BANK            006364 RLA    _ym_init                  0064AF RLA    
_ym_setreg                006487 RLA    _ym_setreg_A1             00649B RLA    
addysp                    006584 RLA    copydata                  00659D RLA    
donelib                   006591 RLA    incsp2                    0065FF RLA    
incsp3                    00660D RLA    initlib                   006045 RLA    
ldax0sp                   006612 RLA    ldaxysp                   006614 RLA    
ptr1                      00000A RLZ    ptr2                      00000C RLZ    
pusha                     00661F RLA    pushax                    006635 RLA    
sp                        000002 RLZ    sreg                      000004 RLZ    
tmp1                      000012 RLZ    tmpstack                  000001 RLZ    
tosicmp                   0065CC RLA    zerobss                   00664B RLA    



Exports list by value:
----------------------
__CONSTRUCTOR_COUNT__     000000 REA    __DESTRUCTOR_COUNT__      000000 REA    
tmpstack                  000001 RLZ    __STARTUP__               000001 REA    
sp                        000002 RLZ    sreg                      000004 RLZ    
ptr1                      00000A RLZ    ptr2                      00000C RLZ    
__BSS_SIZE__              000010 REA    tmp1                      000012 RLZ    
__DATA_SIZE__             000029 REA    __DATA_RUN__              000200 RLA    
__RAM_START__             000200 RLA    __BSS_RUN__               000229 RLA    
__RAM_SIZE__              005DFF REA    __DATA_LOAD__             006000 RLA    
_init                     006029 RLA    __CONSTRUCTOR_TABLE__     006045 RLA    
initlib                   006045 RLA    __DESTRUCTOR_TABLE__      006045 RLA    
_main                     0062EF RLA    _format_bank              006346 RLA    
_write_to_BANK            006364 RLA    _switch_bank              006388 RLA    
_lcd_init                 0063B4 RLA    _lcd_w_reg                0063EE RLA    
_lcd_putc                 006406 RLA    _lcd_puts                 00641E RLA    
_acia_putc                00644C RLA    _acia_puts                006459 RLA    
_acia_put_newline         006474 RLA    _acia_getc                00647C RLA    
_ym_setreg                006487 RLA    _ym_setreg_A1             00649B RLA    
_ym_init                  0064AF RLA    _getByte                  006538 RLA    
_delay                    006569 RLA    _nmi_int                  006575 RLA    
_irq_int                  006577 RLA    addysp                    006584 RLA    
donelib                   006591 RLA    copydata                  00659D RLA    
tosicmp                   0065CC RLA    incsp2                    0065FF RLA    
incsp3                    00660D RLA    ldax0sp                   006612 RLA    
ldaxysp                   006614 RLA    pusha                     00661F RLA    
pushax                    006635 RLA    zerobss                   00664B RLA    



Imports list:
-------------
__BSS_RUN__ ([linker generated]):
    zerobss.o                 common/zerobss.s(8)
__BSS_SIZE__ ([linker generated]):
    zerobss.o                 common/zerobss.s(8)
__CONSTRUCTOR_COUNT__ ([linker generated]):
    condes.o                  runtime/condes.s(18)
__CONSTRUCTOR_TABLE__ ([linker generated]):
    condes.o                  runtime/condes.s(18)
__DATA_LOAD__ ([linker generated]):
    copydata.o                common/copydata.s(8)
__DATA_RUN__ ([linker generated]):
    copydata.o                common/copydata.s(8)
__DATA_SIZE__ ([linker generated]):
    copydata.o                common/copydata.s(8)
__DESTRUCTOR_COUNT__ ([linker generated]):
    condes.o                  runtime/condes.s(19)
__DESTRUCTOR_TABLE__ ([linker generated]):
    condes.o                  runtime/condes.s(19)
__RAM_SIZE__ ([linker generated]):
    crt0.o                    .\src\crt0.s(11)
__RAM_START__ ([linker generated]):
    crt0.o                    .\src\crt0.s(11)
__STARTUP__ (crt0.o):
    main.o                    main.s(13)
_acia_getc (acia.o):
    utils.o                   utils.asm(63)
    main.o                    main.s(16)
_acia_put_newline (acia.o):
    main.o                    main.s(15)
_acia_putc (acia.o):
    interrupts.o              interrupts.asm(11)
    test.o                    test.s(13)
_acia_puts (acia.o):
    main.o                    main.s(14)
_delay (ym2612.o):
    main.o                    main.s(21)
_format_bank (utils.o):
    main.o                    main.s(25)
_getByte (ym2612.o):
    main.o                    main.s(22)
_init (crt0.o):
    vectors.o                 vectors.asm(7)
_irq_int (interrupts.o):
    vectors.o                 vectors.asm(9)
_lcd_init (lcd.o):
    main.o                    main.s(17)
_lcd_putc (lcd.o):
    test.o                    test.s(14)
_lcd_puts (lcd.o):
    main.o                    main.s(18)
_lcd_w_reg (lcd.o):
    main.o                    main.s(19)
_main (main.o):
    crt0.o                    .\src\crt0.s(8)
_nmi_int (interrupts.o):
    vectors.o                 vectors.asm(8)
_switch_bank (utils.o):
    ym2612.o                  ym2612.asm(178)
_write_to_BANK (utils.o):
    main.o                    main.s(26)
_ym_init (ym2612.o):
    main.o                    main.s(20)
_ym_setreg (ym2612.o):
    main.o                    main.s(23)
_ym_setreg_A1 (ym2612.o):
    main.o                    main.s(24)
addysp (addysp.o):
    incsp3.o                  runtime/incsp3.s(8)
copydata (copydata.o):
    crt0.o                    .\src\crt0.s(13)
donelib (condes.o):
    crt0.o                    .\src\crt0.s(13)
incsp2 (incsp2.o):
    ym2612.o                  ym2612.asm(178)
    test.o                    test.s(59)
    test.o                    test.s(59)
    main.o                    main.s(416)
incsp3 (incsp3.o):
    main.o                    main.s(416)
initlib (condes.o):
    crt0.o                    .\src\crt0.s(13)
ldax0sp (ldaxsp.o):
    main.o                    main.s(416)
ldaxysp (ldaxsp.o):
    main.o                    main.s(416)
ptr1 (zeropage.o):
    copydata.o                common/copydata.s(9)
    zerobss.o                 common/zerobss.s(9)
    ym2612.o                  ym2612.asm(11)
    acia.o                    acia.asm(9)
    lcd.o                     lcd.asm(16)
    utils.o                   utils.asm(12)
ptr2 (zeropage.o):
    copydata.o                common/copydata.s(9)
pusha (pusha.o):
    ym2612.o                  ym2612.asm(178)
    test.o                    test.s(59)
    test.o                    test.s(59)
    main.o                    main.s(416)
    main.o                    main.s(416)
pushax (pushax.o):
    main.o                    main.s(416)
    main.o                    main.s(416)
    main.o                    main.s(416)
sp (zeropage.o):
    addysp.o                  runtime/addysp.s(8)
    pushax.o                  runtime/pushax.s(8)
    pusha.o                   runtime/pusha.s(8)
    ldaxsp.o                  runtime/ldaxsp.s(8)
    incsp2.o                  runtime/incsp2.s(8)
    icmp.o                    runtime/icmp.s(9)
    crt0.o                    C:\cc65\asminc/zeropage.inc(11)
    ym2612.o                  ym2612.asm(10)
    test.o                    test.s(10)
    main.o                    main.s(10)
sreg (zeropage.o):
    icmp.o                    runtime/icmp.s(9)
tmp1 (zeropage.o):
    copydata.o                common/copydata.s(9)
tmpstack (acia.o):
    lcd.o                     lcd.asm(17)
tosicmp (icmp.o):
    main.o                    main.s(416)
zerobss (zerobss.o):
    crt0.o                    .\src\crt0.s(13)

